[themebeyond.com/html/ganic/index.html]
[backblue.gif]
[fade.gif]
[index.html]
[themebeyond.com/html/ganic/img/favicon.png]
[themebeyond.com/html/ganic/css/bootstrap.min.css]
[themebeyond.com/html/ganic/css/animate.min.css]
[themebeyond.com/html/ganic/css/magnific-popup.css]
[themebeyond.com/html/ganic/css/fontawesome-all.min.css]
[themebeyond.com/html/ganic/css/jquery-ui.css]
[themebeyond.com/html/ganic/css/flaticon.css]
[themebeyond.com/html/ganic/css/aos.css]
[themebeyond.com/html/ganic/css/slick.css]
[themebeyond.com/html/ganic/css/default.css]
[themebeyond.com/html/ganic/css/style.css]
[themebeyond.com/html/ganic/css/responsive.css]
[themebeyond.com/html/ganic/index-2.html]
[themebeyond.com/html/ganic/contact.html]
[themebeyond.com/html/ganic/about-us.html]
[themebeyond.com/html/ganic/img/logo/logo.png]
[themebeyond.com/html/ganic/cart.html]
[themebeyond.com/html/ganic/shop-details.html]
[themebeyond.com/html/ganic/img/product/cart_p01.jpg]
[themebeyond.com/html/ganic/img/product/cart_p02.jpg]
[themebeyond.com/html/ganic/checkout.html]
[themebeyond.com/html/ganic/img/images/megamenu_banner.jpg]
[themebeyond.com/html/ganic/shop.html]
[themebeyond.com/html/ganic/img/images/megamenu_banner02.jpg]
[themebeyond.com/html/ganic/index-3.html]
[themebeyond.com/html/ganic/shop-right-sidebar.html]
[themebeyond.com/html/ganic/blog.html]
[themebeyond.com/html/ganic/blog-details.html]
[themebeyond.com/html/ganic/404.html]
[themebeyond.com/html/ganic/terms-conditios.html]
[themebeyond.com/html/ganic/img/bg/slider_area_bg.jpg]
[themebeyond.com/html/ganic/img/slider/slider_bg01.jpg]
[themebeyond.com/html/ganic/img/slider/slider_banner01.jpg]
[themebeyond.com/html/ganic/img/slider/slider_banner02.jpg]
[themebeyond.com/html/ganic/img/slider/slider_banner03.jpg]
[themebeyond.com/html/ganic/img/product/category_img01.png]
[themebeyond.com/html/ganic/img/product/category_img02.png]
[themebeyond.com/html/ganic/img/product/category_img03.png]
[themebeyond.com/html/ganic/img/product/category_img04.png]
[themebeyond.com/html/ganic/img/product/category_img05.png]
[themebeyond.com/html/ganic/img/product/category_img06.png]
[themebeyond.com/html/ganic/img/product/discount_img01.jpg]
[themebeyond.com/html/ganic/img/product/discount_img02.jpg]
[themebeyond.com/html/ganic/img/product/discount_img03.jpg]
[themebeyond.com/html/ganic/img/product/best_deal_product01.png]
[themebeyond.com/html/ganic/img/product/best_deal_product02.png]
[themebeyond.com/html/ganic/img/product/best_deal_product03.png]
[themebeyond.com/html/ganic/img/product/best_deal_product04.png]
[themebeyond.com/html/ganic/img/product/best_deal_product05.png]
[themebeyond.com/html/ganic/img/product/special_products_add.jpg]
[themebeyond.com/html/ganic/img/product/sp_products01.png]
[themebeyond.com/html/ganic/img/product/sp_products02.png]
[themebeyond.com/html/ganic/img/product/sp_products03.png]
[themebeyond.com/html/ganic/img/product/sp_products04.png]
[themebeyond.com/html/ganic/img/product/sp_products05.png]
[themebeyond.com/html/ganic/img/product/sp_products06.png]
[themebeyond.com/html/ganic/img/product/sp_products07.png]
[themebeyond.com/html/ganic/img/product/sp_products08.png]
[themebeyond.com/html/ganic/img/images/coupon_code.png]
[themebeyond.com/html/ganic/img/product/sp_products09.png]
[themebeyond.com/html/ganic/img/product/s_discount_img01.jpg]
[themebeyond.com/html/ganic/img/product/s_discount_img02.jpg]
[themebeyond.com/html/ganic/img/icon/g_play.png]
[themebeyond.com/html/ganic/img/icon/app_store.png]
[themebeyond.com/html/ganic/img/images/payment_card.png]
[themebeyond.com/cdn-cgi/scripts/5c5dd728/cloudflare-static/email-decode.min.js]
[themebeyond.com/html/ganic/js/vendor/jquery-3.6.0.min.js]
[themebeyond.com/html/ganic/js/bootstrap.min.js]
[themebeyond.com/html/ganic/js/isotope.pkgd.min.js]
[themebeyond.com/html/ganic/js/imagesloaded.pkgd.min.js]
[themebeyond.com/html/ganic/js/jquery.magnific-popup.min.js]
[themebeyond.com/html/ganic/js/jquery.countdown.min.js]
[themebeyond.com/html/ganic/js/jquery-ui.min.js]
[themebeyond.com/html/ganic/js/slick.min.js]
[themebeyond.com/html/ganic/js/ajax-form.js]
[themebeyond.com/html/ganic/js/wow.min.js]
[themebeyond.com/html/ganic/js/aos.js]
[themebeyond.com/html/ganic/js/plugins.js]
[themebeyond.com/html/ganic/js/main.js]
[themebeyond.com/html/ganic/index.html]
[themebeyond.com/html/ganic/index-2.html]
[themebeyond.com/html/ganic/img/bg/map.jpg]
[themebeyond.com/html/ganic/img/images/contact_img.png]
[themebeyond.com/html/ganic/contact.html]
[themebeyond.com/html/ganic/img/images/ingredients_img.jpg]
[themebeyond.com/html/ganic/img/icon/ing_icon01.png]
[themebeyond.com/html/ganic/img/icon/ing_icon02.png]
[themebeyond.com/html/ganic/img/images/newsletter_shape01.png]
[themebeyond.com/html/ganic/img/images/newsletter_shape02.png]
[themebeyond.com/html/ganic/img/images/support_img.png]
[themebeyond.com/html/ganic/about-us.html]
[themebeyond.com/html/ganic/img/product/cart_img01.jpg]
[themebeyond.com/html/ganic/img/product/cart_img02.jpg]
[themebeyond.com/html/ganic/cart.html]
[themebeyond.com/html/ganic/img/product/sd_nav_img01.jpg]
[themebeyond.com/html/ganic/img/product/sd_nav_img02.jpg]
[themebeyond.com/html/ganic/img/product/sd_nav_img03.jpg]
[themebeyond.com/html/ganic/img/product/shop_details_img01.jpg]
[themebeyond.com/html/ganic/img/product/shop_details_img02.jpg]
[themebeyond.com/html/ganic/img/product/shop_details_img03.jpg]
[themebeyond.com/html/ganic/img/product/desc_img.jpg]
[themebeyond.com/html/ganic/shop-details.html]
[themebeyond.com/html/ganic/img/product/os-products-thumb.jpg]
[themebeyond.com/html/ganic/img/images/card.png]
[themebeyond.com/html/ganic/checkout.html]
[themebeyond.com/html/ganic/img/product/sidebar_product01.jpg]
[themebeyond.com/html/ganic/img/product/sidebar_product02.jpg]
[themebeyond.com/html/ganic/img/product/sidebar_product03.jpg]
[themebeyond.com/html/ganic/img/product/sidebar_shop_ad.jpg]
[themebeyond.com/html/ganic/img/product/sp_products10.png]
[themebeyond.com/html/ganic/img/product/sp_products11.png]
[themebeyond.com/html/ganic/img/product/sp_products12.png]
[themebeyond.com/html/ganic/img/product/sp_products15.png]
[themebeyond.com/html/ganic/img/product/sp_products13.png]
[themebeyond.com/html/ganic/img/product/sp_products14.png]
[themebeyond.com/html/ganic/shop.html]
[themebeyond.com/html/ganic/img/slider/slider__bg01.jpg]
[themebeyond.com/html/ganic/img/slider/slider__bg02.jpg]
[themebeyond.com/html/ganic/img/slider/slider__bg03.jpg]
[themebeyond.com/html/ganic/img/slider/slider__bg04.jpg]
[themebeyond.com/html/ganic/img/product/sp__products01.png]
[themebeyond.com/html/ganic/img/product/sp__products02.png]
[themebeyond.com/html/ganic/img/product/sp__products03.png]
[themebeyond.com/html/ganic/img/product/sp__products04.png]
[themebeyond.com/html/ganic/img/product/sp__products05.png]
[themebeyond.com/html/ganic/img/product/sp__products06.png]
[themebeyond.com/html/ganic/img/product/sp__products07.png]
[themebeyond.com/html/ganic/img/product/sp__products08.png]
[themebeyond.com/html/ganic/img/images/discount_count_shape01.png]
[themebeyond.com/html/ganic/img/images/discount_count_shape02.png]
[themebeyond.com/html/ganic/img/product/bdw_products01.png]
[themebeyond.com/html/ganic/img/product/bdw_products02.png]
[themebeyond.com/html/ganic/img/product/bdw_products03.png]
[themebeyond.com/html/ganic/img/product/bdw_products04.png]
[themebeyond.com/html/ganic/img/images/download_img.png]
[themebeyond.com/html/ganic/img/images/app_download_shape.png]
[themebeyond.com/html/ganic/img/icon/app_btn01.png]
[themebeyond.com/html/ganic/img/icon/app_btn02.png]
[themebeyond.com/html/ganic/img/blog/blog_post_thumb01.jpg]
[themebeyond.com/html/ganic/img/blog/blog_post_thumb02.jpg]
[themebeyond.com/html/ganic/img/blog/blog_post_thumb03.jpg]
[themebeyond.com/html/ganic/index-3.html]
[themebeyond.com/html/ganic/shop-right-sidebar.html]
[themebeyond.com/html/ganic/img/blog/blog_thumb01.jpg]
[themebeyond.com/html/ganic/img/blog/blog_item_line.png]
[themebeyond.com/html/ganic/img/blog/blog_thumb02.jpg]
[themebeyond.com/html/ganic/img/blog/blog_thumb03.jpg]
[themebeyond.com/html/ganic/img/blog/rc_post_thumb01.jpg]
[themebeyond.com/html/ganic/img/blog/rc_post_thumb02.jpg]
[themebeyond.com/html/ganic/img/blog/rc_post_thumb03.jpg]
[themebeyond.com/html/ganic/img/blog/add.png]
[themebeyond.com/html/ganic/blog.html]
[themebeyond.com/html/ganic/img/blog/blog_details_img01.jpg]
[themebeyond.com/html/ganic/img/blog/blog_details_img02.jpg]
[themebeyond.com/html/ganic/img/blog/post_avatar_img.png]
[themebeyond.com/html/ganic/img/icon/left_arrow.png]
[themebeyond.com/html/ganic/img/icon/right_arrow.png]
[themebeyond.com/html/ganic/blog-details.html]
[themebeyond.com/html/ganic/404.html]
[themebeyond.com/html/ganic/terms-conditios.html]
[themebeyond.com/html/ganic/img/bg/slider_area_bg.jpg]
[themebeyond.com/html/ganic/img/images/megamenu_banner02.jpg]
[themebeyond.com/html/ganic/img/slider/slider_bg01.jpg]
[themebeyond.com/html/ganic/css/bootstrap.min.css]
[themebeyond.com/html/ganic/img/bg/map.jpg]
[themebeyond.com/html/ganic/img/images/ingredients_img.jpg]
[themebeyond.com/html/ganic/css/animate.min.css]
[themebeyond.com/html/ganic/img/icon/ing_icon02.png]
[themebeyond.com/html/ganic/img/images/support_img.png]
[themebeyond.com/html/ganic/css/magnific-popup.css]
[themebeyond.com/html/ganic/img/product/sp_products10.png]
[themebeyond.com/html/ganic/img/product/sidebar_shop_ad.jpg]
[themebeyond.com/html/ganic/img/product/sp_products11.png]
[themebeyond.com/html/ganic/js/bootstrap.min.js]
[themebeyond.com/html/ganic/js/vendor/jquery-3.6.0.min.js]
[themebeyond.com/html/ganic/img/product/sp_products12.png]
[themebeyond.com/html/ganic/fonts/fa-brands-400.eot]
[themebeyond.com/html/ganic/img/product/sp_products15.png]
[themebeyond.com/html/ganic/img/slider/slider__bg01.jpg]
[themebeyond.com/html/ganic/img/slider/slider__bg02.jpg]
[themebeyond.com/html/ganic/img/slider/slider__bg03.jpg]
[themebeyond.com/html/ganic/fonts/fa-brands-400d41d.eot]
[themebeyond.com/html/ganic/fonts/fa-brands-400.woff2]
[themebeyond.com/html/ganic/img/slider/slider__bg04.jpg]
[themebeyond.com/html/ganic/img/images/discount_count_shape01.png]
[themebeyond.com/html/ganic/img/images/discount_count_shape02.png]
[themebeyond.com/html/ganic/img/images/download_img.png]
[themebeyond.com/html/ganic/img/blog/blog_thumb01.jpg]
[themebeyond.com/html/ganic/fonts/fa-brands-400.95.delayed]
[themebeyond.com/html/ganic/img/blog/blog_thumb02.jpg]
[themebeyond.com/html/ganic/img/blog/blog_thumb03.jpg]
[themebeyond.com/html/ganic/fonts/fa-brands-400.eot]
[themebeyond.com/html/ganic/fonts/fa-brands-400d41d.eot]
[themebeyond.com/html/ganic/fonts/fa-brands-400.woff2]
[themebeyond.com/html/ganic/fonts/fa-brands-400.woff]
[themebeyond.com/html/ganic/fonts/fa-brands-400.ttf]
[themebeyond.com/html/ganic/fonts/fa-regular-400.eot]
[themebeyond.com/html/ganic/fonts/fa-regular-400d41d.eot]
[themebeyond.com/html/ganic/fonts/fa-regular-400.woff2]
[themebeyond.com/html/ganic/fonts/fa-regular-400.woff]
[themebeyond.com/html/ganic/fonts/fa-brands-400.svg]
[themebeyond.com/html/ganic/fonts/fa-regular-400.ttf]
[themebeyond.com/html/ganic/fonts/fa-regular-400.svg]
[themebeyond.com/html/ganic/fonts/fa-solid-900.woff2]
[themebeyond.com/html/ganic/fonts/fa-solid-900.woff]
[themebeyond.com/html/ganic/fonts/fa-solid-900d41d.eot]
[themebeyond.com/html/ganic/fonts/fa-solid-900.eot]
[themebeyond.com/html/ganic/fonts/fa-solid-900.ttf]
[themebeyond.com/html/ganic/css/fontawesome-all.min.css]
[themebeyond.com/html/ganic/css/jquery-ui.css]
[themebeyond.com/html/ganic/fonts/flaticon7bfd.ttf]
[themebeyond.com/html/ganic/fonts/flaticon7bfd.ttf]
[themebeyond.com/html/ganic/fonts/fa-solid-900.svg]
[themebeyond.com/html/ganic/fonts/flaticon7bfd.woff]
[themebeyond.com/html/ganic/fonts/flaticon7bfd.woff2]
[themebeyond.com/html/ganic/fonts/flaticon7bfd.eot]
[themebeyond.com/html/ganic/css/flaticon.css]
[themebeyond.com/html/ganic/css/aos.css]
[themebeyond.com/html/ganic/css/slick.css]
[themebeyond.com/html/ganic/css/default.css]
[themebeyond.com/html/ganic/fonts/flaticon7bfd.svg]
[themebeyond.com/html/ganic/img/icon/d_arrow.png]
[themebeyond.com/html/ganic/img/bg/breadcrumb_bg.jpg]
[themebeyond.com/html/ganic/img/bg/breadcrumb_bg02.jpg]
[themebeyond.com/html/ganic/img/bg/coupon_banner_bg.jpg]
[themebeyond.com/html/ganic/img/bg/discount_count_bg.jpg]
[themebeyond.com/html/ganic/img/bg/app_download_bg.jpg]
[themebeyond.com/html/ganic/img/images/active_year.jpg]
[themebeyond.com/html/ganic/img/images/title_shape.png]
[themebeyond.com/html/ganic/img/bg/services_bg.jpg]
[themebeyond.com/html/ganic/img/bg/shop_discount_bg.jpg]
[themebeyond.com/html/ganic/css/style.css]
[themebeyond.com/html/ganic/css/responsive.css]
[themebeyond.com/html/ganic/fonts/fa-brands-400.svg]
[themebeyond.com/html/ganic/fonts/fa-regular-400.svg]
[themebeyond.com/html/ganic/fonts/fa-solid-900.svg]
[themebeyond.com/html/ganic/fonts/flaticon7bfd.svg]
[themebeyond.com/html/ganic/index-3.html]
